// Jest Snapshot v1, https://goo.gl/fbAQLP

exports[`/web/lib/sdmx/structure structureParser should match snapshot 1`] = `
Array [
  Object {
    "id": "REF_AREA",
    "index": 0,
    "label": "Reference Area",
    "position": 0,
    "values": Array [
      Object {
        "id": "AFG",
        "index": 0,
        "isMapSelected": true,
        "isRate": true,
        "isSelected": true,
        "isToggled": true,
        "label": "Afghanistan",
        "parent": undefined,
      },
      Object {
        "id": "ALB",
        "index": 1,
        "isMapSelected": false,
        "isRate": true,
        "isSelected": false,
        "isToggled": false,
        "label": "Albania",
        "parent": undefined,
      },
      Object {
        "id": "DZA",
        "index": 2,
        "isMapSelected": false,
        "isRate": true,
        "isSelected": false,
        "isToggled": false,
        "label": "Algeria",
        "parent": undefined,
      },
      Object {
        "id": "AND",
        "index": 3,
        "isMapSelected": false,
        "isRate": true,
        "isSelected": false,
        "isToggled": false,
        "label": "Andorra",
        "parent": undefined,
      },
      Object {
        "id": "AGO",
        "index": 4,
        "isMapSelected": false,
        "isRate": true,
        "isSelected": false,
        "isToggled": false,
        "label": "Angola",
        "parent": undefined,
      },
      Object {
        "id": "ATG",
        "index": 5,
        "isMapSelected": false,
        "isRate": true,
        "isSelected": false,
        "isToggled": false,
        "label": "Antigua and Barbuda",
        "parent": undefined,
      },
      Object {
        "id": "ARG",
        "index": 6,
        "isMapSelected": false,
        "isRate": true,
        "isSelected": false,
        "isToggled": false,
        "label": "Argentina",
        "parent": undefined,
      },
      Object {
        "id": "ARM",
        "index": 7,
        "isMapSelected": false,
        "isRate": true,
        "isSelected": false,
        "isToggled": false,
        "label": "Armenia",
        "parent": undefined,
      },
      Object {
        "id": "AUS",
        "index": 8,
        "isMapSelected": false,
        "isRate": true,
        "isSelected": false,
        "isToggled": false,
        "label": "Australia",
        "parent": undefined,
      },
      Object {
        "id": "AUT",
        "index": 9,
        "isMapSelected": false,
        "isRate": true,
        "isSelected": false,
        "isToggled": false,
        "label": "Austria",
        "parent": undefined,
      },
      Object {
        "id": "AZE",
        "index": 10,
        "isMapSelected": false,
        "isRate": true,
        "isSelected": false,
        "isToggled": false,
        "label": "Azerbaijan",
        "parent": undefined,
      },
      Object {
        "id": "BHS",
        "index": 11,
        "isMapSelected": false,
        "isRate": true,
        "isSelected": false,
        "isToggled": false,
        "label": "Bahamas",
        "parent": undefined,
      },
      Object {
        "id": "BHR",
        "index": 12,
        "isMapSelected": false,
        "isRate": true,
        "isSelected": false,
        "isToggled": false,
        "label": "Bahrain",
        "parent": undefined,
      },
      Object {
        "id": "BGD",
        "index": 13,
        "isMapSelected": false,
        "isRate": true,
        "isSelected": false,
        "isToggled": false,
        "label": "Bangladesh",
        "parent": undefined,
      },
      Object {
        "id": "BRB",
        "index": 14,
        "isMapSelected": false,
        "isRate": true,
        "isSelected": false,
        "isToggled": false,
        "label": "Barbados",
        "parent": undefined,
      },
      Object {
        "id": "BLR",
        "index": 15,
        "isMapSelected": false,
        "isRate": true,
        "isSelected": false,
        "isToggled": false,
        "label": "Belarus",
        "parent": undefined,
      },
      Object {
        "id": "BEL",
        "index": 16,
        "isMapSelected": false,
        "isRate": true,
        "isSelected": false,
        "isToggled": false,
        "label": "Belgium",
        "parent": undefined,
      },
      Object {
        "id": "BLZ",
        "index": 17,
        "isMapSelected": false,
        "isRate": true,
        "isSelected": false,
        "isToggled": false,
        "label": "Belize",
        "parent": undefined,
      },
      Object {
        "id": "BEN",
        "index": 18,
        "isMapSelected": false,
        "isRate": true,
        "isSelected": false,
        "isToggled": false,
        "label": "Benin",
        "parent": undefined,
      },
      Object {
        "id": "BTN",
        "index": 19,
        "isMapSelected": false,
        "isRate": true,
        "isSelected": false,
        "isToggled": false,
        "label": "Bhutan",
        "parent": undefined,
      },
      Object {
        "id": "BOL",
        "index": 20,
        "isMapSelected": false,
        "isRate": true,
        "isSelected": false,
        "isToggled": false,
        "label": "Bolivia (Plurinational State of)",
        "parent": undefined,
      },
      Object {
        "id": "BIH",
        "index": 21,
        "isMapSelected": false,
        "isRate": true,
        "isSelected": false,
        "isToggled": false,
        "label": "Bosnia and Herzegovina",
        "parent": undefined,
      },
      Object {
        "id": "BWA",
        "index": 22,
        "isMapSelected": false,
        "isRate": true,
        "isSelected": false,
        "isToggled": false,
        "label": "Botswana",
        "parent": undefined,
      },
      Object {
        "id": "BRA",
        "index": 23,
        "isMapSelected": false,
        "isRate": true,
        "isSelected": false,
        "isToggled": false,
        "label": "Brazil",
        "parent": undefined,
      },
      Object {
        "id": "BRN",
        "index": 24,
        "isMapSelected": false,
        "isRate": true,
        "isSelected": false,
        "isToggled": false,
        "label": "Brunei Darussalam",
        "parent": undefined,
      },
      Object {
        "id": "BGR",
        "index": 25,
        "isMapSelected": false,
        "isRate": true,
        "isSelected": false,
        "isToggled": false,
        "label": "Bulgaria",
        "parent": undefined,
      },
      Object {
        "id": "BFA",
        "index": 26,
        "isMapSelected": false,
        "isRate": true,
        "isSelected": false,
        "isToggled": false,
        "label": "Burkina Faso",
        "parent": undefined,
      },
      Object {
        "id": "BDI",
        "index": 27,
        "isMapSelected": false,
        "isRate": true,
        "isSelected": false,
        "isToggled": false,
        "label": "Burundi",
        "parent": undefined,
      },
      Object {
        "id": "CPV",
        "index": 28,
        "isMapSelected": false,
        "isRate": true,
        "isSelected": false,
        "isToggled": false,
        "label": "Cabo Verde",
        "parent": undefined,
      },
      Object {
        "id": "KHM",
        "index": 29,
        "isMapSelected": false,
        "isRate": true,
        "isSelected": false,
        "isToggled": false,
        "label": "Cambodia",
        "parent": undefined,
      },
      Object {
        "id": "CMR",
        "index": 30,
        "isMapSelected": false,
        "isRate": true,
        "isSelected": false,
        "isToggled": false,
        "label": "Cameroon",
        "parent": undefined,
      },
      Object {
        "id": "CAN",
        "index": 31,
        "isMapSelected": false,
        "isRate": true,
        "isSelected": false,
        "isToggled": false,
        "label": "Canada",
        "parent": undefined,
      },
      Object {
        "id": "CAF",
        "index": 32,
        "isMapSelected": false,
        "isRate": true,
        "isSelected": false,
        "isToggled": false,
        "label": "Central African Republic",
        "parent": undefined,
      },
      Object {
        "id": "TCD",
        "index": 33,
        "isMapSelected": false,
        "isRate": true,
        "isSelected": false,
        "isToggled": false,
        "label": "Chad",
        "parent": undefined,
      },
      Object {
        "id": "CHL",
        "index": 34,
        "isMapSelected": false,
        "isRate": true,
        "isSelected": false,
        "isToggled": false,
        "label": "Chile",
        "parent": undefined,
      },
      Object {
        "id": "CHN",
        "index": 35,
        "isMapSelected": false,
        "isRate": true,
        "isSelected": false,
        "isToggled": false,
        "label": "China",
        "parent": undefined,
      },
      Object {
        "id": "COL",
        "index": 36,
        "isMapSelected": false,
        "isRate": true,
        "isSelected": false,
        "isToggled": false,
        "label": "Colombia",
        "parent": undefined,
      },
      Object {
        "id": "COM",
        "index": 37,
        "isMapSelected": false,
        "isRate": true,
        "isSelected": false,
        "isToggled": false,
        "label": "Comoros",
        "parent": undefined,
      },
      Object {
        "id": "COG",
        "index": 38,
        "isMapSelected": false,
        "isRate": true,
        "isSelected": false,
        "isToggled": false,
        "label": "Congo",
        "parent": undefined,
      },
      Object {
        "id": "COK",
        "index": 39,
        "isMapSelected": false,
        "isRate": true,
        "isSelected": false,
        "isToggled": false,
        "label": "Cook Islands",
        "parent": undefined,
      },
      Object {
        "id": "CRI",
        "index": 40,
        "isMapSelected": false,
        "isRate": true,
        "isSelected": false,
        "isToggled": false,
        "label": "Costa Rica",
        "parent": undefined,
      },
      Object {
        "id": "CIV",
        "index": 41,
        "isMapSelected": false,
        "isRate": true,
        "isSelected": false,
        "isToggled": false,
        "label": "Côte d'Ivoire",
        "parent": undefined,
      },
      Object {
        "id": "HRV",
        "index": 42,
        "isMapSelected": false,
        "isRate": true,
        "isSelected": false,
        "isToggled": false,
        "label": "Croatia",
        "parent": undefined,
      },
      Object {
        "id": "CUB",
        "index": 43,
        "isMapSelected": false,
        "isRate": true,
        "isSelected": false,
        "isToggled": false,
        "label": "Cuba",
        "parent": undefined,
      },
      Object {
        "id": "CYP",
        "index": 44,
        "isMapSelected": false,
        "isRate": true,
        "isSelected": false,
        "isToggled": false,
        "label": "Cyprus",
        "parent": undefined,
      },
      Object {
        "id": "CZE",
        "index": 45,
        "isMapSelected": false,
        "isRate": true,
        "isSelected": false,
        "isToggled": false,
        "label": "Czech Republic",
        "parent": undefined,
      },
      Object {
        "id": "PRK",
        "index": 46,
        "isMapSelected": false,
        "isRate": true,
        "isSelected": false,
        "isToggled": false,
        "label": "Democratic People's Republic of Korea",
        "parent": undefined,
      },
      Object {
        "id": "COD",
        "index": 47,
        "isMapSelected": false,
        "isRate": true,
        "isSelected": false,
        "isToggled": false,
        "label": "Democratic Republic of the Congo",
        "parent": undefined,
      },
      Object {
        "id": "DNK",
        "index": 48,
        "isMapSelected": false,
        "isRate": true,
        "isSelected": false,
        "isToggled": false,
        "label": "Denmark",
        "parent": undefined,
      },
      Object {
        "id": "DJI",
        "index": 49,
        "isMapSelected": false,
        "isRate": true,
        "isSelected": false,
        "isToggled": false,
        "label": "Djibouti",
        "parent": undefined,
      },
      Object {
        "id": "DMA",
        "index": 50,
        "isMapSelected": false,
        "isRate": true,
        "isSelected": false,
        "isToggled": false,
        "label": "Dominica",
        "parent": undefined,
      },
      Object {
        "id": "DOM",
        "index": 51,
        "isMapSelected": false,
        "isRate": true,
        "isSelected": false,
        "isToggled": false,
        "label": "Dominican Republic",
        "parent": undefined,
      },
      Object {
        "id": "ECU",
        "index": 52,
        "isMapSelected": false,
        "isRate": true,
        "isSelected": false,
        "isToggled": false,
        "label": "Ecuador",
        "parent": undefined,
      },
      Object {
        "id": "EGY",
        "index": 53,
        "isMapSelected": false,
        "isRate": true,
        "isSelected": false,
        "isToggled": false,
        "label": "Egypt",
        "parent": undefined,
      },
      Object {
        "id": "SLV",
        "index": 54,
        "isMapSelected": false,
        "isRate": true,
        "isSelected": false,
        "isToggled": false,
        "label": "El Salvador",
        "parent": undefined,
      },
      Object {
        "id": "GNQ",
        "index": 55,
        "isMapSelected": false,
        "isRate": true,
        "isSelected": false,
        "isToggled": false,
        "label": "Equatorial Guinea",
        "parent": undefined,
      },
      Object {
        "id": "ERI",
        "index": 56,
        "isMapSelected": false,
        "isRate": true,
        "isSelected": false,
        "isToggled": false,
        "label": "Eritrea",
        "parent": undefined,
      },
      Object {
        "id": "EST",
        "index": 57,
        "isMapSelected": false,
        "isRate": true,
        "isSelected": false,
        "isToggled": false,
        "label": "Estonia",
        "parent": undefined,
      },
      Object {
        "id": "ETH",
        "index": 58,
        "isMapSelected": false,
        "isRate": true,
        "isSelected": false,
        "isToggled": false,
        "label": "Ethiopia",
        "parent": undefined,
      },
      Object {
        "id": "FJI",
        "index": 59,
        "isMapSelected": false,
        "isRate": true,
        "isSelected": false,
        "isToggled": false,
        "label": "Fiji",
        "parent": undefined,
      },
      Object {
        "id": "FIN",
        "index": 60,
        "isMapSelected": false,
        "isRate": true,
        "isSelected": false,
        "isToggled": false,
        "label": "Finland",
        "parent": undefined,
      },
      Object {
        "id": "FRA",
        "index": 61,
        "isMapSelected": false,
        "isRate": true,
        "isSelected": false,
        "isToggled": false,
        "label": "France",
        "parent": undefined,
      },
      Object {
        "id": "GAB",
        "index": 62,
        "isMapSelected": false,
        "isRate": true,
        "isSelected": false,
        "isToggled": false,
        "label": "Gabon",
        "parent": undefined,
      },
      Object {
        "id": "GMB",
        "index": 63,
        "isMapSelected": false,
        "isRate": true,
        "isSelected": false,
        "isToggled": false,
        "label": "Gambia",
        "parent": undefined,
      },
      Object {
        "id": "GEO",
        "index": 64,
        "isMapSelected": false,
        "isRate": true,
        "isSelected": false,
        "isToggled": false,
        "label": "Georgia",
        "parent": undefined,
      },
      Object {
        "id": "DEU",
        "index": 65,
        "isMapSelected": false,
        "isRate": true,
        "isSelected": false,
        "isToggled": false,
        "label": "Germany",
        "parent": undefined,
      },
      Object {
        "id": "GHA",
        "index": 66,
        "isMapSelected": false,
        "isRate": true,
        "isSelected": false,
        "isToggled": false,
        "label": "Ghana",
        "parent": undefined,
      },
      Object {
        "id": "GRC",
        "index": 67,
        "isMapSelected": false,
        "isRate": true,
        "isSelected": false,
        "isToggled": false,
        "label": "Greece",
        "parent": undefined,
      },
      Object {
        "id": "GRD",
        "index": 68,
        "isMapSelected": false,
        "isRate": true,
        "isSelected": false,
        "isToggled": false,
        "label": "Grenada",
        "parent": undefined,
      },
      Object {
        "id": "GTM",
        "index": 69,
        "isMapSelected": false,
        "isRate": true,
        "isSelected": false,
        "isToggled": false,
        "label": "Guatemala",
        "parent": undefined,
      },
      Object {
        "id": "GIN",
        "index": 70,
        "isMapSelected": false,
        "isRate": true,
        "isSelected": false,
        "isToggled": false,
        "label": "Guinea",
        "parent": undefined,
      },
      Object {
        "id": "GNB",
        "index": 71,
        "isMapSelected": false,
        "isRate": true,
        "isSelected": false,
        "isToggled": false,
        "label": "Guinea-Bissau",
        "parent": undefined,
      },
      Object {
        "id": "GUY",
        "index": 72,
        "isMapSelected": false,
        "isRate": true,
        "isSelected": false,
        "isToggled": false,
        "label": "Guyana",
        "parent": undefined,
      },
      Object {
        "id": "HTI",
        "index": 73,
        "isMapSelected": false,
        "isRate": true,
        "isSelected": false,
        "isToggled": false,
        "label": "Haiti",
        "parent": undefined,
      },
      Object {
        "id": "HND",
        "index": 74,
        "isMapSelected": false,
        "isRate": true,
        "isSelected": false,
        "isToggled": false,
        "label": "Honduras",
        "parent": undefined,
      },
      Object {
        "id": "HUN",
        "index": 75,
        "isMapSelected": false,
        "isRate": true,
        "isSelected": false,
        "isToggled": false,
        "label": "Hungary",
        "parent": undefined,
      },
      Object {
        "id": "ISL",
        "index": 76,
        "isMapSelected": false,
        "isRate": true,
        "isSelected": false,
        "isToggled": false,
        "label": "Iceland",
        "parent": undefined,
      },
      Object {
        "id": "IND",
        "index": 77,
        "isMapSelected": false,
        "isRate": true,
        "isSelected": false,
        "isToggled": false,
        "label": "India",
        "parent": undefined,
      },
      Object {
        "id": "IDN",
        "index": 78,
        "isMapSelected": false,
        "isRate": true,
        "isSelected": false,
        "isToggled": false,
        "label": "Indonesia",
        "parent": undefined,
      },
      Object {
        "id": "IRN",
        "index": 79,
        "isMapSelected": false,
        "isRate": true,
        "isSelected": false,
        "isToggled": false,
        "label": "Iran (Islamic Republic of)",
        "parent": undefined,
      },
      Object {
        "id": "IRQ",
        "index": 80,
        "isMapSelected": false,
        "isRate": true,
        "isSelected": false,
        "isToggled": false,
        "label": "Iraq",
        "parent": undefined,
      },
      Object {
        "id": "IRL",
        "index": 81,
        "isMapSelected": false,
        "isRate": true,
        "isSelected": false,
        "isToggled": false,
        "label": "Ireland",
        "parent": undefined,
      },
      Object {
        "id": "ISR",
        "index": 82,
        "isMapSelected": false,
        "isRate": true,
        "isSelected": false,
        "isToggled": false,
        "label": "Israel",
        "parent": undefined,
      },
      Object {
        "id": "ITA",
        "index": 83,
        "isMapSelected": false,
        "isRate": true,
        "isSelected": false,
        "isToggled": false,
        "label": "Italy",
        "parent": undefined,
      },
      Object {
        "id": "JAM",
        "index": 84,
        "isMapSelected": false,
        "isRate": true,
        "isSelected": false,
        "isToggled": false,
        "label": "Jamaica",
        "parent": undefined,
      },
      Object {
        "id": "JPN",
        "index": 85,
        "isMapSelected": false,
        "isRate": true,
        "isSelected": false,
        "isToggled": false,
        "label": "Japan",
        "parent": undefined,
      },
      Object {
        "id": "JOR",
        "index": 86,
        "isMapSelected": false,
        "isRate": true,
        "isSelected": false,
        "isToggled": false,
        "label": "Jordan",
        "parent": undefined,
      },
      Object {
        "id": "KAZ",
        "index": 87,
        "isMapSelected": false,
        "isRate": true,
        "isSelected": false,
        "isToggled": false,
        "label": "Kazakhstan",
        "parent": undefined,
      },
      Object {
        "id": "KEN",
        "index": 88,
        "isMapSelected": false,
        "isRate": true,
        "isSelected": false,
        "isToggled": false,
        "label": "Kenya",
        "parent": undefined,
      },
      Object {
        "id": "KIR",
        "index": 89,
        "isMapSelected": false,
        "isRate": true,
        "isSelected": false,
        "isToggled": false,
        "label": "Kiribati",
        "parent": undefined,
      },
      Object {
        "id": "KWT",
        "index": 90,
        "isMapSelected": false,
        "isRate": true,
        "isSelected": false,
        "isToggled": false,
        "label": "Kuwait",
        "parent": undefined,
      },
      Object {
        "id": "KGZ",
        "index": 91,
        "isMapSelected": false,
        "isRate": true,
        "isSelected": false,
        "isToggled": false,
        "label": "Kyrgyzstan",
        "parent": undefined,
      },
      Object {
        "id": "LAO",
        "index": 92,
        "isMapSelected": false,
        "isRate": true,
        "isSelected": false,
        "isToggled": false,
        "label": "Lao People's Democratic Republic",
        "parent": undefined,
      },
      Object {
        "id": "LVA",
        "index": 93,
        "isMapSelected": false,
        "isRate": true,
        "isSelected": false,
        "isToggled": false,
        "label": "Latvia",
        "parent": undefined,
      },
      Object {
        "id": "LBN",
        "index": 94,
        "isMapSelected": false,
        "isRate": true,
        "isSelected": false,
        "isToggled": false,
        "label": "Lebanon",
        "parent": undefined,
      },
      Object {
        "id": "LSO",
        "index": 95,
        "isMapSelected": false,
        "isRate": true,
        "isSelected": false,
        "isToggled": false,
        "label": "Lesotho",
        "parent": undefined,
      },
      Object {
        "id": "LBR",
        "index": 96,
        "isMapSelected": false,
        "isRate": true,
        "isSelected": false,
        "isToggled": false,
        "label": "Liberia",
        "parent": undefined,
      },
      Object {
        "id": "LBY",
        "index": 97,
        "isMapSelected": false,
        "isRate": true,
        "isSelected": false,
        "isToggled": false,
        "label": "Libya",
        "parent": undefined,
      },
      Object {
        "id": "LTU",
        "index": 98,
        "isMapSelected": false,
        "isRate": true,
        "isSelected": false,
        "isToggled": false,
        "label": "Lithuania",
        "parent": undefined,
      },
      Object {
        "id": "LUX",
        "index": 99,
        "isMapSelected": false,
        "isRate": true,
        "isSelected": false,
        "isToggled": false,
        "label": "Luxembourg",
        "parent": undefined,
      },
      Object {
        "id": "MDG",
        "index": 100,
        "isMapSelected": false,
        "isRate": true,
        "isSelected": false,
        "isToggled": false,
        "label": "Madagascar",
        "parent": undefined,
      },
      Object {
        "id": "MWI",
        "index": 101,
        "isMapSelected": false,
        "isRate": true,
        "isSelected": false,
        "isToggled": false,
        "label": "Malawi",
        "parent": undefined,
      },
      Object {
        "id": "MYS",
        "index": 102,
        "isMapSelected": false,
        "isRate": true,
        "isSelected": false,
        "isToggled": false,
        "label": "Malaysia",
        "parent": undefined,
      },
      Object {
        "id": "MDV",
        "index": 103,
        "isMapSelected": false,
        "isRate": true,
        "isSelected": false,
        "isToggled": false,
        "label": "Maldives",
        "parent": undefined,
      },
      Object {
        "id": "MLI",
        "index": 104,
        "isMapSelected": false,
        "isRate": true,
        "isSelected": false,
        "isToggled": false,
        "label": "Mali",
        "parent": undefined,
      },
      Object {
        "id": "MLT",
        "index": 105,
        "isMapSelected": false,
        "isRate": true,
        "isSelected": false,
        "isToggled": false,
        "label": "Malta",
        "parent": undefined,
      },
      Object {
        "id": "MHL",
        "index": 106,
        "isMapSelected": false,
        "isRate": true,
        "isSelected": false,
        "isToggled": false,
        "label": "Marshall Islands",
        "parent": undefined,
      },
      Object {
        "id": "MRT",
        "index": 107,
        "isMapSelected": false,
        "isRate": true,
        "isSelected": false,
        "isToggled": false,
        "label": "Mauritania",
        "parent": undefined,
      },
      Object {
        "id": "MUS",
        "index": 108,
        "isMapSelected": false,
        "isRate": true,
        "isSelected": false,
        "isToggled": false,
        "label": "Mauritius",
        "parent": undefined,
      },
      Object {
        "id": "MEX",
        "index": 109,
        "isMapSelected": false,
        "isRate": true,
        "isSelected": false,
        "isToggled": false,
        "label": "Mexico",
        "parent": undefined,
      },
      Object {
        "id": "FSM",
        "index": 110,
        "isMapSelected": false,
        "isRate": true,
        "isSelected": false,
        "isToggled": false,
        "label": "Micronesia (Federated States of)",
        "parent": undefined,
      },
      Object {
        "id": "MCO",
        "index": 111,
        "isMapSelected": false,
        "isRate": true,
        "isSelected": false,
        "isToggled": false,
        "label": "Monaco",
        "parent": undefined,
      },
      Object {
        "id": "MNG",
        "index": 112,
        "isMapSelected": false,
        "isRate": true,
        "isSelected": false,
        "isToggled": false,
        "label": "Mongolia",
        "parent": undefined,
      },
      Object {
        "id": "MNE",
        "index": 113,
        "isMapSelected": false,
        "isRate": true,
        "isSelected": false,
        "isToggled": false,
        "label": "Montenegro",
        "parent": undefined,
      },
      Object {
        "id": "MAR",
        "index": 114,
        "isMapSelected": false,
        "isRate": true,
        "isSelected": false,
        "isToggled": false,
        "label": "Morocco",
        "parent": undefined,
      },
      Object {
        "id": "MOZ",
        "index": 115,
        "isMapSelected": false,
        "isRate": true,
        "isSelected": false,
        "isToggled": false,
        "label": "Mozambique",
        "parent": undefined,
      },
      Object {
        "id": "MMR",
        "index": 116,
        "isMapSelected": false,
        "isRate": true,
        "isSelected": false,
        "isToggled": false,
        "label": "Myanmar",
        "parent": undefined,
      },
      Object {
        "id": "NAM",
        "index": 117,
        "isMapSelected": false,
        "isRate": true,
        "isSelected": false,
        "isToggled": false,
        "label": "Namibia",
        "parent": undefined,
      },
      Object {
        "id": "NRU",
        "index": 118,
        "isMapSelected": false,
        "isRate": true,
        "isSelected": false,
        "isToggled": false,
        "label": "Nauru",
        "parent": undefined,
      },
      Object {
        "id": "NPL",
        "index": 119,
        "isMapSelected": false,
        "isRate": true,
        "isSelected": false,
        "isToggled": false,
        "label": "Nepal",
        "parent": undefined,
      },
      Object {
        "id": "NLD",
        "index": 120,
        "isMapSelected": false,
        "isRate": true,
        "isSelected": false,
        "isToggled": false,
        "label": "Netherlands",
        "parent": undefined,
      },
      Object {
        "id": "NZL",
        "index": 121,
        "isMapSelected": false,
        "isRate": true,
        "isSelected": false,
        "isToggled": false,
        "label": "New Zealand",
        "parent": undefined,
      },
      Object {
        "id": "NIC",
        "index": 122,
        "isMapSelected": false,
        "isRate": true,
        "isSelected": false,
        "isToggled": false,
        "label": "Nicaragua",
        "parent": undefined,
      },
      Object {
        "id": "NER",
        "index": 123,
        "isMapSelected": false,
        "isRate": true,
        "isSelected": false,
        "isToggled": false,
        "label": "Niger",
        "parent": undefined,
      },
      Object {
        "id": "NGA",
        "index": 124,
        "isMapSelected": false,
        "isRate": true,
        "isSelected": false,
        "isToggled": false,
        "label": "Nigeria",
        "parent": undefined,
      },
      Object {
        "id": "NIU",
        "index": 125,
        "isMapSelected": false,
        "isRate": true,
        "isSelected": false,
        "isToggled": false,
        "label": "Niue",
        "parent": undefined,
      },
      Object {
        "id": "NOR",
        "index": 126,
        "isMapSelected": false,
        "isRate": true,
        "isSelected": false,
        "isToggled": false,
        "label": "Norway",
        "parent": undefined,
      },
      Object {
        "id": "OMN",
        "index": 127,
        "isMapSelected": false,
        "isRate": true,
        "isSelected": false,
        "isToggled": false,
        "label": "Oman",
        "parent": undefined,
      },
      Object {
        "id": "PAK",
        "index": 128,
        "isMapSelected": false,
        "isRate": true,
        "isSelected": false,
        "isToggled": false,
        "label": "Pakistan",
        "parent": undefined,
      },
      Object {
        "id": "PLW",
        "index": 129,
        "isMapSelected": false,
        "isRate": true,
        "isSelected": false,
        "isToggled": false,
        "label": "Palau",
        "parent": undefined,
      },
      Object {
        "id": "PAN",
        "index": 130,
        "isMapSelected": false,
        "isRate": true,
        "isSelected": false,
        "isToggled": false,
        "label": "Panama",
        "parent": undefined,
      },
      Object {
        "id": "PNG",
        "index": 131,
        "isMapSelected": false,
        "isRate": true,
        "isSelected": false,
        "isToggled": false,
        "label": "Papua New Guinea",
        "parent": undefined,
      },
      Object {
        "id": "PRY",
        "index": 132,
        "isMapSelected": false,
        "isRate": true,
        "isSelected": false,
        "isToggled": false,
        "label": "Paraguay",
        "parent": undefined,
      },
      Object {
        "id": "PER",
        "index": 133,
        "isMapSelected": false,
        "isRate": true,
        "isSelected": false,
        "isToggled": false,
        "label": "Peru",
        "parent": undefined,
      },
      Object {
        "id": "PHL",
        "index": 134,
        "isMapSelected": false,
        "isRate": true,
        "isSelected": false,
        "isToggled": false,
        "label": "Philippines",
        "parent": undefined,
      },
      Object {
        "id": "POL",
        "index": 135,
        "isMapSelected": false,
        "isRate": true,
        "isSelected": false,
        "isToggled": false,
        "label": "Poland",
        "parent": undefined,
      },
      Object {
        "id": "PRT",
        "index": 136,
        "isMapSelected": false,
        "isRate": true,
        "isSelected": false,
        "isToggled": false,
        "label": "Portugal",
        "parent": undefined,
      },
      Object {
        "id": "QAT",
        "index": 137,
        "isMapSelected": false,
        "isRate": true,
        "isSelected": false,
        "isToggled": false,
        "label": "Qatar",
        "parent": undefined,
      },
      Object {
        "id": "KOR",
        "index": 138,
        "isMapSelected": false,
        "isRate": true,
        "isSelected": false,
        "isToggled": false,
        "label": "Republic of Korea",
        "parent": undefined,
      },
      Object {
        "id": "MDA",
        "index": 139,
        "isMapSelected": false,
        "isRate": true,
        "isSelected": false,
        "isToggled": false,
        "label": "Republic of Moldova",
        "parent": undefined,
      },
      Object {
        "id": "ROU",
        "index": 140,
        "isMapSelected": false,
        "isRate": true,
        "isSelected": false,
        "isToggled": false,
        "label": "Romania",
        "parent": undefined,
      },
      Object {
        "id": "RUS",
        "index": 141,
        "isMapSelected": false,
        "isRate": true,
        "isSelected": false,
        "isToggled": false,
        "label": "Russian Federation",
        "parent": undefined,
      },
      Object {
        "id": "RWA",
        "index": 142,
        "isMapSelected": false,
        "isRate": true,
        "isSelected": false,
        "isToggled": false,
        "label": "Rwanda",
        "parent": undefined,
      },
      Object {
        "id": "KNA",
        "index": 143,
        "isMapSelected": false,
        "isRate": true,
        "isSelected": false,
        "isToggled": false,
        "label": "Saint Kitts and Nevis",
        "parent": undefined,
      },
      Object {
        "id": "LCA",
        "index": 144,
        "isMapSelected": false,
        "isRate": true,
        "isSelected": false,
        "isToggled": false,
        "label": "Saint Lucia",
        "parent": undefined,
      },
      Object {
        "id": "VCT",
        "index": 145,
        "isMapSelected": false,
        "isRate": true,
        "isSelected": false,
        "isToggled": false,
        "label": "Saint Vincent and the Grenadines",
        "parent": undefined,
      },
      Object {
        "id": "WSM",
        "index": 146,
        "isMapSelected": false,
        "isRate": true,
        "isSelected": false,
        "isToggled": false,
        "label": "Samoa",
        "parent": undefined,
      },
      Object {
        "id": "SMR",
        "index": 147,
        "isMapSelected": false,
        "isRate": true,
        "isSelected": false,
        "isToggled": false,
        "label": "San Marino",
        "parent": undefined,
      },
      Object {
        "id": "STP",
        "index": 148,
        "isMapSelected": false,
        "isRate": true,
        "isSelected": false,
        "isToggled": false,
        "label": "Sao Tome and Principe",
        "parent": undefined,
      },
      Object {
        "id": "SAU",
        "index": 149,
        "isMapSelected": false,
        "isRate": true,
        "isSelected": false,
        "isToggled": false,
        "label": "Saudi Arabia",
        "parent": undefined,
      },
      Object {
        "id": "SEN",
        "index": 150,
        "isMapSelected": false,
        "isRate": true,
        "isSelected": false,
        "isToggled": false,
        "label": "Senegal",
        "parent": undefined,
      },
      Object {
        "id": "SRB",
        "index": 151,
        "isMapSelected": false,
        "isRate": true,
        "isSelected": false,
        "isToggled": false,
        "label": "Serbia",
        "parent": undefined,
      },
      Object {
        "id": "SYC",
        "index": 152,
        "isMapSelected": false,
        "isRate": true,
        "isSelected": false,
        "isToggled": false,
        "label": "Seychelles",
        "parent": undefined,
      },
      Object {
        "id": "SLE",
        "index": 153,
        "isMapSelected": false,
        "isRate": true,
        "isSelected": false,
        "isToggled": false,
        "label": "Sierra Leone",
        "parent": undefined,
      },
      Object {
        "id": "SGP",
        "index": 154,
        "isMapSelected": false,
        "isRate": true,
        "isSelected": false,
        "isToggled": false,
        "label": "Singapore",
        "parent": undefined,
      },
      Object {
        "id": "SVK",
        "index": 155,
        "isMapSelected": false,
        "isRate": true,
        "isSelected": false,
        "isToggled": false,
        "label": "Slovakia",
        "parent": undefined,
      },
      Object {
        "id": "SVN",
        "index": 156,
        "isMapSelected": false,
        "isRate": true,
        "isSelected": false,
        "isToggled": false,
        "label": "Slovenia",
        "parent": undefined,
      },
      Object {
        "id": "SLB",
        "index": 157,
        "isMapSelected": false,
        "isRate": true,
        "isSelected": false,
        "isToggled": false,
        "label": "Solomon Islands",
        "parent": undefined,
      },
      Object {
        "id": "SOM",
        "index": 158,
        "isMapSelected": false,
        "isRate": true,
        "isSelected": false,
        "isToggled": false,
        "label": "Somalia",
        "parent": undefined,
      },
      Object {
        "id": "ZAF",
        "index": 159,
        "isMapSelected": false,
        "isRate": true,
        "isSelected": false,
        "isToggled": false,
        "label": "South Africa",
        "parent": undefined,
      },
      Object {
        "id": "SSD",
        "index": 160,
        "isMapSelected": false,
        "isRate": true,
        "isSelected": false,
        "isToggled": false,
        "label": "South Sudan",
        "parent": undefined,
      },
      Object {
        "id": "ESP",
        "index": 161,
        "isMapSelected": false,
        "isRate": true,
        "isSelected": false,
        "isToggled": false,
        "label": "Spain",
        "parent": undefined,
      },
      Object {
        "id": "LKA",
        "index": 162,
        "isMapSelected": false,
        "isRate": true,
        "isSelected": false,
        "isToggled": false,
        "label": "Sri Lanka",
        "parent": undefined,
      },
      Object {
        "id": "PSE",
        "index": 163,
        "isMapSelected": false,
        "isRate": true,
        "isSelected": false,
        "isToggled": false,
        "label": "State of Palestine",
        "parent": undefined,
      },
      Object {
        "id": "SDN",
        "index": 164,
        "isMapSelected": false,
        "isRate": true,
        "isSelected": false,
        "isToggled": false,
        "label": "Sudan",
        "parent": undefined,
      },
      Object {
        "id": "SUR",
        "index": 165,
        "isMapSelected": false,
        "isRate": true,
        "isSelected": false,
        "isToggled": false,
        "label": "Suriname",
        "parent": undefined,
      },
      Object {
        "id": "SWZ",
        "index": 166,
        "isMapSelected": false,
        "isRate": true,
        "isSelected": false,
        "isToggled": false,
        "label": "Swaziland",
        "parent": undefined,
      },
      Object {
        "id": "SWE",
        "index": 167,
        "isMapSelected": false,
        "isRate": true,
        "isSelected": false,
        "isToggled": false,
        "label": "Sweden",
        "parent": undefined,
      },
      Object {
        "id": "CHE",
        "index": 168,
        "isMapSelected": false,
        "isRate": true,
        "isSelected": false,
        "isToggled": false,
        "label": "Switzerland",
        "parent": undefined,
      },
      Object {
        "id": "SYR",
        "index": 169,
        "isMapSelected": false,
        "isRate": true,
        "isSelected": false,
        "isToggled": false,
        "label": "Syrian Arab Republic",
        "parent": undefined,
      },
      Object {
        "id": "TJK",
        "index": 170,
        "isMapSelected": false,
        "isRate": true,
        "isSelected": false,
        "isToggled": false,
        "label": "Tajikistan",
        "parent": undefined,
      },
      Object {
        "id": "THA",
        "index": 171,
        "isMapSelected": false,
        "isRate": true,
        "isSelected": false,
        "isToggled": false,
        "label": "Thailand",
        "parent": undefined,
      },
      Object {
        "id": "MKD",
        "index": 172,
        "isMapSelected": false,
        "isRate": true,
        "isSelected": false,
        "isToggled": false,
        "label": "North Macedonia",
        "parent": undefined,
      },
      Object {
        "id": "TLS",
        "index": 173,
        "isMapSelected": false,
        "isRate": true,
        "isSelected": false,
        "isToggled": false,
        "label": "Timor-Leste",
        "parent": undefined,
      },
      Object {
        "id": "TGO",
        "index": 174,
        "isMapSelected": false,
        "isRate": true,
        "isSelected": false,
        "isToggled": false,
        "label": "Togo",
        "parent": undefined,
      },
      Object {
        "id": "TON",
        "index": 175,
        "isMapSelected": false,
        "isRate": true,
        "isSelected": false,
        "isToggled": false,
        "label": "Tonga",
        "parent": undefined,
      },
      Object {
        "id": "TTO",
        "index": 176,
        "isMapSelected": false,
        "isRate": true,
        "isSelected": false,
        "isToggled": false,
        "label": "Trinidad and Tobago",
        "parent": undefined,
      },
      Object {
        "id": "TUN",
        "index": 177,
        "isMapSelected": false,
        "isRate": true,
        "isSelected": false,
        "isToggled": false,
        "label": "Tunisia",
        "parent": undefined,
      },
      Object {
        "id": "TUR",
        "index": 178,
        "isMapSelected": false,
        "isRate": true,
        "isSelected": false,
        "isToggled": false,
        "label": "Turkey",
        "parent": undefined,
      },
      Object {
        "id": "TKM",
        "index": 179,
        "isMapSelected": false,
        "isRate": true,
        "isSelected": false,
        "isToggled": false,
        "label": "Turkmenistan",
        "parent": undefined,
      },
      Object {
        "id": "TUV",
        "index": 180,
        "isMapSelected": false,
        "isRate": true,
        "isSelected": false,
        "isToggled": false,
        "label": "Tuvalu",
        "parent": undefined,
      },
      Object {
        "id": "UGA",
        "index": 181,
        "isMapSelected": false,
        "isRate": true,
        "isSelected": false,
        "isToggled": false,
        "label": "Uganda",
        "parent": undefined,
      },
      Object {
        "id": "UKR",
        "index": 182,
        "isMapSelected": false,
        "isRate": true,
        "isSelected": false,
        "isToggled": false,
        "label": "Ukraine",
        "parent": undefined,
      },
      Object {
        "id": "ARE",
        "index": 183,
        "isMapSelected": false,
        "isRate": true,
        "isSelected": false,
        "isToggled": false,
        "label": "United Arab Emirates",
        "parent": undefined,
      },
      Object {
        "id": "GBR",
        "index": 184,
        "isMapSelected": false,
        "isRate": true,
        "isSelected": false,
        "isToggled": false,
        "label": "United Kingdom of Great Britain and Northern Ireland",
        "parent": undefined,
      },
      Object {
        "id": "TZA",
        "index": 185,
        "isMapSelected": false,
        "isRate": true,
        "isSelected": false,
        "isToggled": false,
        "label": "United Republic of Tanzania",
        "parent": undefined,
      },
      Object {
        "id": "USA",
        "index": 186,
        "isMapSelected": false,
        "isRate": true,
        "isSelected": false,
        "isToggled": false,
        "label": "United States of America",
        "parent": undefined,
      },
      Object {
        "id": "URY",
        "index": 187,
        "isMapSelected": false,
        "isRate": true,
        "isSelected": false,
        "isToggled": false,
        "label": "Uruguay",
        "parent": undefined,
      },
      Object {
        "id": "UZB",
        "index": 188,
        "isMapSelected": false,
        "isRate": true,
        "isSelected": false,
        "isToggled": false,
        "label": "Uzbekistan",
        "parent": undefined,
      },
      Object {
        "id": "VUT",
        "index": 189,
        "isMapSelected": false,
        "isRate": true,
        "isSelected": false,
        "isToggled": false,
        "label": "Vanuatu",
        "parent": undefined,
      },
      Object {
        "id": "VEN",
        "index": 190,
        "isMapSelected": false,
        "isRate": true,
        "isSelected": false,
        "isToggled": false,
        "label": "Venezuela (Bolivarian Republic of)",
        "parent": undefined,
      },
      Object {
        "id": "VNM",
        "index": 191,
        "isMapSelected": false,
        "isRate": true,
        "isSelected": false,
        "isToggled": false,
        "label": "Viet Nam",
        "parent": undefined,
      },
      Object {
        "id": "YEM",
        "index": 192,
        "isMapSelected": false,
        "isRate": true,
        "isSelected": false,
        "isToggled": false,
        "label": "Yemen",
        "parent": undefined,
      },
      Object {
        "id": "ZMB",
        "index": 193,
        "isMapSelected": false,
        "isRate": true,
        "isSelected": false,
        "isToggled": false,
        "label": "Zambia",
        "parent": undefined,
      },
      Object {
        "id": "ZWE",
        "index": 194,
        "isMapSelected": false,
        "isRate": true,
        "isSelected": false,
        "isToggled": false,
        "label": "Zimbabwe",
        "parent": undefined,
      },
    ],
  },
  Object {
    "id": "INDICATOR",
    "index": 1,
    "label": "Indicator",
    "position": 1,
    "values": Array [
      Object {
        "id": "MRY0T4",
        "index": 0,
        "isMapSelected": true,
        "isRate": true,
        "isSelected": true,
        "isToggled": true,
        "label": "Under-5 mortality rate",
        "parent": undefined,
      },
      Object {
        "id": "MRY0",
        "index": 1,
        "isMapSelected": false,
        "isRate": true,
        "isSelected": false,
        "isToggled": false,
        "label": "Infant mortality rate",
        "parent": undefined,
      },
      Object {
        "id": "MRM0",
        "index": 2,
        "isMapSelected": false,
        "isRate": true,
        "isSelected": false,
        "isToggled": false,
        "label": "Neonatal mortality rate",
        "parent": undefined,
      },
      Object {
        "id": "MRY5T14",
        "index": 3,
        "isMapSelected": false,
        "isRate": true,
        "isSelected": false,
        "isToggled": false,
        "label": "Mortality rate age 5 to 14",
        "parent": undefined,
      },
      Object {
        "id": "TMY0T4",
        "index": 4,
        "isMapSelected": false,
        "isRate": false,
        "isSelected": false,
        "isToggled": false,
        "label": "Under-5 deaths",
        "parent": undefined,
      },
      Object {
        "id": "TMY0",
        "index": 5,
        "isMapSelected": false,
        "isRate": false,
        "isSelected": false,
        "isToggled": false,
        "label": "Infant deaths",
        "parent": undefined,
      },
      Object {
        "id": "TMM0",
        "index": 6,
        "isMapSelected": false,
        "isRate": false,
        "isSelected": false,
        "isToggled": false,
        "label": "Neonatal deaths",
        "parent": undefined,
      },
      Object {
        "id": "TMY5T14",
        "index": 7,
        "isMapSelected": false,
        "isRate": false,
        "isSelected": false,
        "isToggled": false,
        "label": "Deaths age 5 to 14",
        "parent": undefined,
      },
    ],
  },
  Object {
    "id": "SEX",
    "index": 2,
    "label": "Sex",
    "position": 2,
    "values": Array [
      Object {
        "id": "F",
        "index": 0,
        "isMapSelected": false,
        "isRate": true,
        "isSelected": false,
        "isToggled": false,
        "label": "Female",
        "parent": undefined,
      },
      Object {
        "id": "M",
        "index": 1,
        "isMapSelected": false,
        "isRate": true,
        "isSelected": false,
        "isToggled": false,
        "label": "Male",
        "parent": undefined,
      },
      Object {
        "id": "_T",
        "index": 2,
        "isMapSelected": true,
        "isRate": true,
        "isSelected": true,
        "isToggled": true,
        "label": "Total",
        "parent": undefined,
      },
    ],
  },
  Object {
    "id": "SERIES_NAME",
    "index": 3,
    "position": 3,
  },
  Object {
    "id": "SERIES_YEAR",
    "index": 4,
    "position": 4,
  },
  Object {
    "id": "TIME_PERIOD",
    "index": 5,
    "position": 5,
  },
]
`;
