// Jest Snapshot v1, https://goo.gl/fbAQLP

exports[`News | component render should match snapshot 1`] = `
<News
  classes={
    Object {
      "card": "News-card-3",
      "container": "News-container-2",
      "media": "News-media-4",
      "typo": "News-typo-5",
      "wrapper": "News-wrapper-1",
    }
  }
  news={Array []}
/>
`;
