// Jest Snapshot v1, https://goo.gl/fbAQLP

exports[`Reports | component render should match snapshot 1`] = `
<Reports
  classes={
    Object {
      "action": "Reports-action-11",
      "area": "Reports-area-6",
      "btnType": "Reports-btnType-14",
      "card": "Reports-card-5",
      "container": "Reports-container-4",
      "content": "Reports-content-8",
      "leftIcon": "Reports-leftIcon-13",
      "media": "Reports-media-10",
      "reports": "Reports-reports-1",
      "secondaryCard": "Reports-secondaryCard-7",
      "secondaryContent": "Reports-secondaryContent-9",
      "secondaryWrapper": "Reports-secondaryWrapper-3",
      "typo": "Reports-typo-12",
      "wrapper": "Reports-wrapper-2",
    }
  }
  reports={Array []}
/>
`;
