// Jest Snapshot v1, https://goo.gl/fbAQLP

exports[`Header | component render should match snapshot 1`] = `
<Header
  classes={
    Object {
      "button": "Header-button-7",
      "logo": "Header-logo-2",
      "menubar": "Header-menubar-5",
      "selectedMenu": "Header-selectedMenu-6",
      "titlebar": "Header-titlebar-4",
      "toolbar": "Header-toolbar-1",
      "typo": "Header-typo-3",
    }
  }
  locale="en"
  messages={Object {}}
  routes={
    Array [
      Object {
        "name": 1,
      },
    ]
  }
/>
`;
