// Jest Snapshot v1, https://goo.gl/fbAQLP

exports[`Header | component render should match snapshot 1`] = `
<Header
  classes={
    Object {
      "logo": "Header-logo-2",
      "toolbar": "Header-toolbar-1",
    }
  }
  locale="en"
  messages={Object {}}
  routes={
    Array [
      Object {
        "name": 1,
      },
    ]
  }
/>
`;
