// Jest Snapshot v1, https://goo.gl/fbAQLP

exports[`app | App | component render should match snapshot 1`] = `
<div>
  <Switch>
    <Route
      component={[Function]}
      exact={true}
      key="/"
      path="/"
    />
    <Route
      component={[Function]}
      exact={true}
      key="/data"
      path="/data"
    />
    <Route
      component={[Function]}
      exact={true}
      key="/reports"
      path="/reports"
    />
    <Route
      component={[Function]}
      exact={true}
      key="/methods"
      path="/methods"
    />
    <Route
      component={[Function]}
      exact={true}
      key="/about"
      path="/about"
    />
    <Route
      component={[Function]}
    />
  </Switch>
</div>
`;
