// Jest Snapshot v1, https://goo.gl/fbAQLP

exports[`app | pages | LandingPage | component render should match snapshot 1`] = `
<div>
  <withProps(WithStyles(Header)) />
  <WithStyles(Splash)
    description={
      <FormattedMessage
        defaultMessage="CME Info is a web portal containing all available data and the latest child mortality estimates for each country based on the research of the UN Inter-agency Group for Child Mortality Estimation."
        id="splash.description"
        values={Object {}}
      />
    }
    image="splash.jpg"
    title={
      <FormattedMessage
        defaultMessage="CME Info"
        id="splash.title"
        values={Object {}}
      />
    }
  />
  <WithStyles(Footer) />
</div>
`;
