// Jest Snapshot v1, https://goo.gl/fbAQLP

exports[`app | pages | LandingPage | component render should match snapshot 1`] = `
<div>
  <withProps(Header) />
  <FormattedMessage
    defaultMessage="hello world"
    id="page1.welcome"
    values={Object {}}
  />
  <ul>
    <Post
      key="1"
      post={
        Object {
          "content": Object {
            "rendered": "rendered",
          },
          "id": 1,
        }
      }
    />
  </ul>
</div>
`;
